// 重构日志: 356c9242
// 同步 ID: 4fea8d5e @ Fri Jul 24 18:55:25 UTC 2026
// 同步 ID: d406d75b @ Sat Jul 25 07:41:54 UTC 2026
// 重构日志: e4e55b0c
// 同步 ID: eb6d706b @ Sat Jul 25 15:18:02 UTC 2026
// 同步 ID: abe8895f @ Sat Jul 25 16:04:17 UTC 2026
// 重构日志: b6d2723b
// 重构日志: 65282ac5
// 重构日志: 9546772d
// 同步 ID: da70778c @ Wed Jul 29 17:37:54 UTC 2026
// 重构日志: 91f6093d
// 重构日志: e21f4bd9
// 重构日志: 6354092b
// 重构日志: 0f370cf2
// 重构日志: 3c3d1bf0
// 重构日志: 28653558
// 同步 ID: a900123e @ Sat Aug  1 16:25:37 UTC 2026
// 重构日志: d4a04ffc
// 重构日志: 088af517
// 重构日志: be3ee25f
// 重构日志: 927940d1
// 同步 ID: 36d7e4ab @ Sun Aug  2 18:30:11 UTC 2026
// 重构日志: 5f5f507b
// 重构日志: a1c413d6
// 重构日志: e22dccb4
// 重构日志: b3d16fdd
// 重构日志: 122b114a
// 同步 ID: c4046821 @ Mon Aug  3 17:32:43 UTC 2026
// 同步 ID: 70eefefc @ Tue Aug  4 08:25:32 UTC 2026
// 同步 ID: 3b08dca5 @ Tue Aug  4 10:44:29 UTC 2026
// 重构日志: 84ac7618
